<!DOCTYPE html>
<html>
<head>
    <title>Predator Test Report</title>
    <meta http-equiv="Refresh" content="30">
    <script src='https://ajax.googleapis.com/ajax/libs/jquery/2.1.3/jquery.min.js'></script>
    <script src='https://cdnjs.cloudflare.com/ajax/libs/d3/3.5.0/d3.min.js' charset='utf-8'></script>
    <link rel="stylesheet" href="https://cdnjs.cloudflare.com/ajax/libs/metrics-graphics/2.6.0/metricsgraphics.min.css" />
    <script src="https://cdnjs.cloudflare.com/ajax/libs/metrics-graphics/2.6.0/metricsgraphics.min.js"></script>

    <link href='https://fonts.googleapis.com/css?family=Open+Sans:400,300,700' rel='stylesheet' type='text/css'>
    <link href='https://fonts.googleapis.com/css?family=PT+Serif:400,700,400italic' rel='stylesheet' type='text/css'>
    <link href='https://netdna.bootstrapcdn.com/font-awesome/4.2.0/css/font-awesome.css' rel='stylesheet' type='text/css'>
    <link href='https://maxcdn.bootstrapcdn.com/bootstrap/3.2.0/css/bootstrap.min.css' rel='stylesheet' type='text/css'>

    <script src="https://cdnjs.cloudflare.com/ajax/libs/moment.js/2.10.6/moment.min.js"></script>
    <script src="https://cdnjs.cloudflare.com/ajax/libs/lodash.js/3.10.1/lodash.min.js"></script>

    <script src="https://cdnjs.cloudflare.com/ajax/libs/ace/1.2.0/ace.js" charset="utf-8"></script>

    <style>
        body, p, li {
            font-family: sans-serif;
            font-size: 10pt;
        }

        h1 {
            font-size: 18pt;
            font-weight: bold;
        }

        #errorsContainer > p {
            color: #009900;
        }

        #footer {
            padding: 1em;
            font-size: 0.8em;
            color: #999;
            text-align: center;
            margin-top: 1em;
            background-color: #eee;
        }
        #editor {
            font-size: 8pt;
            height: 20em;
        }
    </style>

    <script>
        window.Report = {
            "intermediate": [
                {
                    "timestamp": "2018-05-21T11:05:30.933Z",
                    "scenariosCreated": 300,
                    "scenariosCompleted": 300,
                    "requestsCompleted": 600,
                    "latency": {
                        "min": 160.6,
                        "max": 743.9,
                        "median": 191.5,
                        "p95": 264,
                        "p99": 611.8
                    },
                    "rps": {
                        "count": 600,
                        "mean": 39.19
                    },
                    "scenarioDuration": {
                        "min": 353,
                        "max": 1014.7,
                        "median": 384.8,
                        "p95": 629.4,
                        "p99": 930
                    },
                    "scenarioCounts": {
                        "Scenario": 300
                    },
                    "errors": {},
                    "codes": {
                        "201": 600
                    },
                    "matches": 0,
                    "customStats": {},
                    "concurrency": 0,
                    "pendingRequests": 0
                }
            ],
            "aggregate": {
                "requestsCompleted": 600,
                "scenariosCreated": 300,
                "scenariosAvoided": null,
                "scenariosCompleted": 300,
                "pendingRequests": 0,
                "scenarioCounts": {
                    "Scenario": 300
                },
                "errors": {},
                "codes": {
                    "201": 600
                },
                "latency": {
                    "median": 191.5,
                    "max": 743.9,
                    "min": 160.6
                }
            }};
    </script>

    <style>
        h1 {
            line-height: 200%;
        }

        body {
            background-color: #fcfcfc;
        }

        .container {
            width: 100%;
            min-width: 960px;
        }
    </style>


</head>
<body>

<div class="container">

    <div class="row" id="header">
    <pre style="background-color: #fcfcfc; border: none; text-align:center;font-size: 0.7vw;">
  ____                                  _        ___  ____    ____            __                                             _____                                            _
 |  _ \ __ _ _   _ _ __ ___   ___ _ __ | |_ ___ / _ \/ ___|  |  _ \ ___ _ __ / _| ___  _ __ _ __ ___   __ _ _ __   ___ ___  |  ___| __ __ _ _ __ ___   _____      _____  _ __| | __
 | |_) / _` | | | | '_ ` _ \ / _ \ '_ \| __/ __| | | \___ \  | |_) / _ \ '__| |_ / _ \| '__| '_ ` _ \ / _` | '_ \ / __/ _ \ | |_ | '__/ _` | '_ ` _ \ / _ \ \ /\ / / _ \| '__| |/ /
 |  __/ (_| | |_| | | | | | |  __/ | | | |_\__ \ |_| |___) | |  __/  __/ |  |  _| (_) | |  | | | | | | (_| | | | | (_|  __/ |  _|| | | (_| | | | | | |  __/\ V  V / (_) | |  |   <
 |_|   \__,_|\__, |_| |_| |_|\___|_| |_|\__|___/\___/|____/  |_|   \___|_|  |_|  \___/|_|  |_| |_| |_|\__,_|_| |_|\___\___| |_|  |_|  \__,_|_| |_| |_|\___| \_/\_/ \___/|_|  |_|\_\
             |___/

    </div>

    <div class="row">
        <div class="col-lg-12">
            <h1 class="text-center" id="page-title">Test run on <span id="timestamp">date</span></h1>
        </div>
    </div>

    <div class="row">
        <div class="col-lg-3">
            <p><strong>Summary</strong></p>
            <table class="table table-bordered table-hover table-condensed">
                <tbody>
                <tr>
                    <td>Test duration</td>
                    <td><span id="testDuration">0</span> sec</td>
                </tr>
                <tr>
                    <td>Scenarios created</td>
                    <td><span id="scenariosCreated">0</span></td>
                </tr>

                <tr>
                    <td>Scenarios completed</td>
                    <td><span id="scenariosCompleted">0</span></td>
                </tr>

                <tr>
                    <td>Scenarios avoided</td>
                    <td><span id="scenariosAvoided">0</span></td>
                </tr>
                </tbody>
            </table>
        </div>

        <div class="col-lg-5" id="scenarioCountsContainer">
            <div>
                <strong>Scenario counts:</strong>

                <p></p>

                <table class="table table-bordered table-hover table-condensed" id="scenarioCounts">
                </table>
            </div>
        </div>

        <div class="col-lg-1">
            <div id="codesContainer">
                <strong>Codes</strong>

                <p></p>

                <table class="table table-bordered table-hover table-condensed" id="codes">
                </table>
            </div>
        </div>

        <div class="col-lg-3">
            <div id="errorsContainer">
                <strong>Errors</strong>

                <p></p>

                <table class="table table-bordered table-hover table-condensed" id="errors">
                </table>
            </div>
        </div>
    </div> <!-- /.row -->

    <div class="row">
        <div class="text-center col-lg-12">
            <h2>Charts</h2>
        </div>
    </div>

    <div class="row">
        <div class="latency-histogram text-center col-lg-12"></div>
    </div>

    <div class="row">
        <div class="latency text-center col-lg-12"></div>
    </div>

    <div class="latency-legend"></div>

    <div class="row">

    </div>

    <div class="row">
        <div class="concurrency text-center col-lg-12"></div>
    </div>

    <div class="row">
        <div class="rps-mean text-center col-lg-12"></div>
    </div>
    <div class="row">
        <div class="rps-count text-center col-lg-12"></div>
    </div>

    <div class="row">
        <div class="codes-line text-center col-lg-12"></div>
    </div>
    <div class="row">
        <div class="errors-line text-center col-lg-12"></div>
    </div>



</div>



<script>
    var l = _;

    $('#timestamp').html(moment(Report.aggregate.timestamp).format('DD MMM YYYY HH:mm:SS'));
    $('#testDuration').html(l.size(Report.intermediate) * 30);
    $('#scenariosCompleted').html(Report.aggregate.scenariosCompleted);
    $('#scenariosCreated').html(Report.aggregate.scenariosCreated);
    $('#scenariosAvoided').html(Report.aggregate.scenariosAvoided);

    var markers = [];
    if(l.size(Report.phases) > 0) {
        markers = l.foldl(Report.phases, function(acc, phase, index) {
            var label = phase.name || 'Phase ' + (index + 1);
            var timestamp = (index === 0) ? 0 : Report.phases[index - 1].duration + acc[index - 1].timestamp;

            acc.push({
                timestamp: timestamp,
                label: label
            });

            return acc;
        }, []);
    }

    if (l.size(Report.aggregate.scenarioCounts) > 0) {
        l.each(Report.aggregate.scenarioCounts, function(count, name) {
            var $tdName = $('<td>' + name + '</td>');
            var percentage = Math.round(count / Report.aggregate.scenariosCreated * 100 * 1000) / 1000;
            var $tdCount = $('<td>' + count + ' (' + percentage + '%)' + '</td>');
            var $el = $('<tr></tr>')
                .append($tdName)
                .append($tdCount)
                .appendTo($('#scenarioCounts'));
        });
    } else {
        $('#scenarioCountsContainer').hide();
    }

    if (l.size(Report.aggregate.codes) > 0) {
        l.each(Report.aggregate.codes, function(count, code) {
            var anchor = '';
            if (code >= 100 && code < 200) {
                anchor = '#1xx_Informational';
            } else if (code >= 200 && code < 300) {
                anchor = '#2xx_Success';
            } else if (code >= 300 && code < 400) {
                anchor = '#3xx_Redirection';
            } else if (code >= 400 && code < 500) {
                anchor = '#4xx_Client_Error';
            } else if (code >= 500 && code < 600) {
                anchor = '#5xx_Server_Error';
            }

            var $a = $('<a>' + code + '</a>').attr('href', 'https://en.wikipedia.org/wiki/List_of_HTTP_status_codes' + anchor);
            var $td = $('<td></td>').append($a);
            var $el = $('<tr></tr>')
                .append($td)
                .append($('<td>' + count + '</td>'))
                .appendTo($('#codes'));
        });
    } else {
        $('#codesContainer').hide();
    }

    if (l.size(Report.aggregate.errors) > 0) {
        l.each(Report.aggregate.errors, function(count, code) {
            var $el = $('<tr></tr>')
                .append($('<td>' + code + '</td>'))
                .append($('<td>' + count + '</td>'))
                .appendTo($('#errors'));
        });
    } else {
        $('#errorsContainer > p').html('&#10004; Test do not have network or OS errors.');
    }

    var histogramData = l.map(Report.aggregate.latency, function(v, k) { return {bin: k, value: v} });

    MG.data_graphic({
        chart_type: 'bar',
        x_label: 'Percentile',
        y_label: '(ms)',
        animate_on_load: true,
        title: 'Overall Latency Distribution',
        description: 'Distribution of all observed response latencies',
        target: '.latency-histogram',
        data: histogramData,
        x_accessor: 'bin',
        y_accessor: 'value',
        binned: true,
        height: 250,
        interpolate: 'monotone',
        padding_percentage: 0,
        bar_orientation: 'vertical',
        width: 450
    });

    var chartData = l.map(
        window.Report.intermediate,
        function(o,i) {
            return {
                timestamp: i*30+30,

                rpsMean: o.rps.mean,
                rpsCount: o.rps.count,
                concurrency: o.concurrency,
                latencyMax: o.latency.max,
                latencyp99: o.latency.p99,
                latencyp95: o.latency.p95,
                latencyMedian: o.latency.median,
                latencyMin: o.latency.min
            }
        });

    //
    // Response codes
    //

    if (l.size(Report.aggregate.codes) > 0) {
        var codesData = l.foldl(Report.intermediate, function(acc, o, i) {
            var res = {};
            res.timestamp = i*30+30;
            l.each(o.codes, function(count, code) {
                res[code] = count;
            });
            acc.push(res);
            return acc;
        }, []);
        var uniqueCodes = l.foldl(Report.intermediate, function(acc, o) {
            l.each(o.codes, function(count, code) {
                if (l.indexOf(acc, code) === -1) {
                    acc.push(code);
                }
            });
            return acc;
        }, []);

        MG.data_graphic({
            x_label: 'Time',
            y_label: 'Count',
            title: 'HTTP codes',
            description: 'Occurence of HTTP response codes',
            target: '.codes-line',
            data: codesData,
            x_accessor: 'timestamp',
            y_accessor: uniqueCodes,
            legend: uniqueCodes,
            right: 50,
            chart_type: 'line',
            area: false,
            markers: markers,
            width: 900
        });
    }

    //
    // Errors
    //

    if (l.size(Report.aggregate.errors) > 0) {
        var errorData = l.foldl(Report.intermediate, function(acc, o, i) {
            var res = {};
            res.timestamp = i*30+30;
            l.each(o.errors, function(count, name) {
                res[name] = count;
            });
            acc.push(res);
            return acc;
        }, []);
        var uniqueErrors = l.foldl(Report.intermediate, function(acc, o) {
            l.each(o.errors, function(count, name) {
                if (l.indexOf(acc, name) === -1) {
                    acc.push(name);
                }
            });
            return acc;
        }, []);

        MG.data_graphic({
            title: 'Error Codes',
            description: 'Occurence of error codes',
            target: '.errors-line',
            data: errorData,
            x_accessor: 'timestamp',
            y_accessor: uniqueErrors,
            chart_type: 'line',
            area: false,
            markers: markers
        });

    }

    //
    // Latency
    //
    MG.data_graphic({
        chart_type: 'line',
        x_label: 'Time',
        y_label: '(ms)',
        animate_on_load: true,
        area: false,
        title: "Latency At Intervals",
        description: "Latency values at different points during the test run",
        data: chartData,
        target: '.latency',
        width: 900,
        x_accessor: 'timestamp',
        y_accessor: ['latencyMin', 'latencyMedian', 'latencyp95', 'latencyMax'],
        legend: ['min', 'p50', 'p95', 'max'],
        //legend_target: '.latency-legend',
        right: 50,
        interpolate: 'monotone',
        mouseover: function(d, i) {
        },
        markers: markers
    });

    MG.data_graphic({
        animate_on_load: true,
        area: false,
        y_label: 'Count',
        x_label: 'Time',
        title: 'Concurrent users',
        description: 'Concurrent users',
        data: chartData,
        target: '.concurrency',
        x_accessor: 'timestamp',
        y_accessor: ['concurrency'],
        interpolate: 'monotone',
        markers: markers,
        width: 900
    });

    MG.data_graphic({
        animate_on_load: true,
        area: false,
        y_label: 'Count',
        x_label: 'Time',
        title: 'Mean RPS',
        description: 'Mean requests per second',
        data: chartData,
        target: '.rps-mean',
        x_accessor: 'timestamp',
        y_accessor: ['rpsMean'],
        interpolate: 'monotone',
        markers: markers,
        width: 900
    });

    MG.data_graphic({
        animate_on_load: true,
        area: false,
        y_label: 'Count',
        x_label: 'Time',
        title: 'RPS Count',
        description: 'Count of requests per second',
        data: chartData,
        target: '.rps-count',
        x_accessor: 'timestamp',
        y_accessor: ['rpsCount'],
        interpolate: 'monotone',
        markers: markers,
        width: 900
    });
</script>
<div id="footer">
    <footer>This report was created with by the #nde team</footer>
</div>
</body>
</html>